done MS-GBM3
done MS-JD2
done MS-JD3
done MSGJ2
done MSGJ3
done GBM
done Merton
done MS-GBM2
done MSGJ1
done GARCH-t
done GJR-t
done EWMA
done HS
done DCC-t
# Phase 4: validation-period out-of-sample (2013-01-01 .. 2019-12-31), refit every 21 sessions


## Target E
         logscore  DM_ls_vs_ref  PIT_Berk_p  PIT_LB_p  PIT2_LB_p  hit0.01  Kupiec0.01  CC0.01  Z2_p0.01  FZ0_0.01  DM_FZ0_0.01  hit0.025  Kupiec0.025  CC0.025  Z2_p0.025  FZ0_0.025  DM_FZ0_0.025
model                                                                                                                                                                                             
GBM        2.8278       -7.2778      0.0000    0.3522     0.0000   0.0091      0.7058  0.8037     0.305   -2.9239      -0.9270    0.0188       0.0823   0.1995      0.833    -3.1870       -1.5326
Merton     2.8873       -4.8976      0.0000    0.5625     0.0000   0.0034      0.0013  0.0057     0.997   -2.8481      -1.5649    0.0131       0.0005   0.0013      0.999    -3.1505       -2.0297
MS-GBM2    2.8888       -4.8195      0.0000    0.7129     0.0007   0.0097      0.8945  0.8393     0.497   -2.9193      -1.1094    0.0211       0.2802   0.2515      0.762    -3.1730       -1.9005
MS-GBM3    2.8906       -4.7653      0.0000    0.7898     0.0014   0.0125      0.3044  0.4462     0.080   -2.9216      -1.0659    0.0205       0.2142   0.4427      0.665    -3.1877       -1.5563
MS-JD2     2.8909       -4.9989      0.0000    0.7790     0.0019   0.0080      0.3773  0.6051     0.772   -2.8922      -1.6978    0.0199       0.1598   0.3506      0.886    -3.1491       -3.0801
MS-JD3     2.8924       -4.3757      0.0000    0.7916     0.0106   0.0074      0.2525  0.4716     0.749   -2.8905      -1.5452    0.0188       0.0823   0.1995      0.909    -3.1627       -2.1237
MSGJ1      2.9215        0.1126      0.0049    0.7266     0.0070   0.0068      0.1579  0.3397     0.820   -2.9564      -0.4505    0.0234       0.6568   0.9051      0.685    -3.2380       -0.1978
MSGJ2      2.9198       -0.3960      0.2549    0.6097     0.0090   0.0120      0.4221  0.3746     0.136   -2.9156      -1.4788    0.0228       0.5476   0.4996      0.510    -3.2066       -1.5630
MSGJ3      2.9202       -0.2428      0.3321    0.6747     0.0009   0.0137      0.1428  0.2154     0.037   -2.9424      -0.7012    0.0274       0.5343   0.6993      0.109    -3.2132       -1.0821
GARCH-t    2.9172       -2.4735      0.0596    0.7615     0.0218   0.0120      0.4221  0.5617     0.092   -2.9541      -1.0321    0.0291       0.2880   0.5215      0.053    -3.2168       -2.1479
GJR-t      2.9212           NaN      0.0439    0.7611     0.0048   0.0108      0.7314  0.7657     0.178   -2.9758          NaN    0.0262       0.7472   0.7530      0.195    -3.2423           NaN
EWMA       2.8654       -3.1734      0.0374    0.6835     0.0590   0.0217      0.0000  0.0001     0.000   -2.7570      -2.4845    0.0342       0.0194   0.0651      0.000    -3.1586       -2.4601
HS            NaN           NaN      0.2469    0.7520     0.0000   0.0131      0.2121  0.2723     0.107   -2.9257      -1.0426    0.0296       0.2272   0.4513      0.199    -3.1633       -2.4083

## Target F
         logscore  DM_ls_vs_ref  PIT_Berk_p  PIT_LB_p  PIT2_LB_p  hit0.01  Kupiec0.01  CC0.01  Z2_p0.01  FZ0_0.01  DM_FZ0_0.01  hit0.025  Kupiec0.025  CC0.025  Z2_p0.025  FZ0_0.025  DM_FZ0_0.025
model                                                                                                                                                                                             
GBM        3.2181       -1.8586      0.0093    0.4595     0.0000   0.0160      0.0210  0.0151     0.000   -3.2912      -1.6331    0.0222       0.4476   0.0291      0.147    -3.7021       -2.1740
Merton     3.4186       -3.1129      0.0003    0.5212     0.0000   0.0148      0.0585  0.0281     0.033   -3.3650      -1.8224    0.0359       0.0060   0.0007      0.003    -3.6893       -2.3682
MS-GBM2    3.4263       -1.7855      0.0006    0.4826     0.0000   0.0125      0.3044  0.0547     0.127   -3.6339      -1.2470    0.0268       0.6366   0.7347      0.240    -3.8857       -1.9439
MS-GBM3    3.4691       -2.1769      0.0000    0.3597     0.0108   0.0114      0.5653  0.4057     0.190   -3.7307      -1.2763    0.0291       0.2880   0.5215      0.126    -3.9702       -1.6676
MS-JD2     3.4657       -2.2638      0.0001    0.3511     0.0000   0.0103      0.9144  0.0430     0.364   -3.6043      -1.4042    0.0274       0.5343   0.3511      0.301    -3.8979       -1.5293
MS-JD3     3.4691       -2.6977      0.0001    0.1825     0.0365   0.0108      0.7314  0.4149     0.345   -3.7113      -1.7541    0.0228       0.5476   0.1687      0.702    -3.9748       -1.7009
MSGJ1      3.4983       -0.3605      0.0225    0.5794     0.0606   0.0097      0.8945  0.8393     0.375   -3.8107       0.0078    0.0217       0.3581   0.2826      0.734    -4.0589        1.4437
MSGJ2      3.5028        0.1693      0.1195    0.7748     0.1560   0.0085      0.5304  0.7217     0.590   -3.8455       1.3590    0.0177       0.0379   0.0663      0.940    -4.0815        2.9718
MSGJ3      3.5010       -0.0756      0.0523    0.7696     0.1600   0.0097      0.8945  0.8393     0.407   -3.8368       0.9495    0.0194       0.1162   0.1487      0.868    -4.0749        2.6499
GARCH-t    3.4971       -2.2068      0.0003    0.5225     0.1010   0.0085      0.5304  0.7217     0.753   -3.8111       0.0434    0.0148       0.0031   0.0086      0.999    -4.0328       -0.7448
GJR-t      3.5016           NaN      0.0021    0.5721     0.0730   0.0074      0.2525  0.4716     0.857   -3.8105          NaN    0.0154       0.0055   0.0140      0.993    -4.0381           NaN
EWMA       3.4272       -3.1918      0.0000    0.5701     0.0013   0.0103      0.9144  0.8250     0.266   -3.8280       0.5448    0.0194       0.1162   0.1487      0.817    -4.0393        0.0823
HS            NaN           NaN      0.0000    0.5707     0.0000   0.0154      0.0356  0.0003     0.008   -3.4641      -1.8732    0.0342       0.0194   0.0124      0.014    -3.7697       -2.2362

## Target USD
         logscore  DM_ls_vs_ref  PIT_Berk_p  PIT_LB_p  PIT2_LB_p  hit0.01  Kupiec0.01  CC0.01  Z2_p0.01  FZ0_0.01  DM_FZ0_0.01  hit0.025  Kupiec0.025  CC0.025  Z2_p0.025  FZ0_0.025  DM_FZ0_0.025
model                                                                                                                                                                                             
GBM        2.4816       -4.8276      0.0000    0.7421     0.0000   0.0108      0.7314  0.0503     0.047   -2.4521      -0.6060    0.0182       0.0566   0.0535      0.687    -2.7854       -0.8366
Merton     2.5518       -4.3824      0.0001    0.8621     0.0000   0.0046      0.0103  0.0031     0.979   -2.4577      -0.7410    0.0177       0.0379   0.0346      0.980    -2.7750       -1.1150
MS-GBM2    2.5602       -3.9120      0.0003    0.8467     0.0457   0.0137      0.1428  0.2154     0.070   -2.5079      -0.4825    0.0251       0.9848   0.9945      0.309    -2.7749       -1.9997
MS-GBM3    2.5726       -2.6843      0.0025    0.8321     0.1277   0.0148      0.0585  0.1129     0.009   -2.5334      -0.0294    0.0251       0.9848   0.3222      0.215    -2.8182       -0.6482
MS-JD2     2.5702       -3.1010      0.0003    0.8771     0.2055   0.0131      0.2121  0.2723     0.135   -2.5009      -0.6670    0.0256       0.8640   0.7522      0.329    -2.7617       -2.7275
MS-JD3     2.5695       -3.1539      0.0000    0.8273     0.5544   0.0131      0.2121  0.3381     0.059   -2.5068      -0.4286    0.0245       0.8932   0.9896      0.333    -2.7919       -1.2768
MSGJ1      2.5895        0.6421      0.0077    0.8574     0.3695   0.0091      0.7058  0.3046     0.445   -2.5849       0.8217    0.0217       0.3581   0.3469      0.642    -2.8603        0.6274
MSGJ2      2.5883        0.2522      0.2123    0.8799     0.3506   0.0137      0.1428  0.2154     0.032   -2.5219      -0.2803    0.0251       0.9848   0.9945      0.253    -2.8305       -0.5116
MSGJ3      2.5857       -0.3225      0.1649    0.9175     0.1405   0.0142      0.0929  0.1625     0.007   -2.4998      -0.8250    0.0279       0.4417   0.7020      0.049    -2.8207       -0.9569
GARCH-t    2.5819       -2.5593      0.0077    0.8687     0.4921   0.0137      0.1428  0.2154     0.015   -2.5062      -1.2776    0.0342       0.0194   0.0530      0.001    -2.8051       -2.4744
GJR-t      2.5873           NaN      0.0174    0.8769     0.3436   0.0142      0.0929  0.1625     0.022   -2.5352          NaN    0.0285       0.3595   0.6098      0.067    -2.8426           NaN
EWMA       2.5161       -3.6675      0.0163    0.7882     0.5709   0.0245      0.0000  0.0000     0.000   -2.2628      -2.8992    0.0393       0.0004   0.0004      0.000    -2.7189       -3.1430
HS            NaN           NaN      0.0387    0.9514     0.0000   0.0148      0.0585  0.0281     0.028   -2.4713      -0.6094    0.0268       0.6366   0.7347      0.242    -2.7605       -1.2701
DCC-t      2.5819       -2.4866      0.0045    0.8555     0.5131   0.0137      0.1428  0.2154     0.019   -2.5049      -1.2904    0.0336       0.0279   0.0699      0.004    -2.8164       -1.9374

## Bivariate log score (E, F jointly)
         biv_logscore  DM_vs_DCC
model                           
GBM            6.1053    -2.0491
Merton         6.4472    -3.6587
MS-GBM2        6.4385    -1.9550
MS-GBM3        6.5003    -2.7558
MS-JD2         6.4936    -2.9961
MS-JD3         6.5011    -3.1719
MSGJ1          6.5685    -0.3798
MSGJ2          6.5729     0.0803
MSGJ3          6.5673    -0.5370
DCC-t          6.5722        NaN

DM > 0: model beats the reference (GJR-t per target, DCC-t bivariate); |DM| > 1.96 ≈ 5% two-sided.
