1/60 ('null', 0)
2/60 ('weak', 0)
3/60 ('strong', 0)
4/60 ('null', 1)
5/60 ('weak', 1)
6/60 ('strong', 1)
7/60 ('null', 2)
8/60 ('weak', 2)
9/60 ('strong', 2)
10/60 ('null', 3)
11/60 ('weak', 3)
12/60 ('strong', 3)
13/60 ('null', 4)
14/60 ('weak', 4)
15/60 ('strong', 4)
16/60 ('null', 5)
17/60 ('weak', 5)
18/60 ('strong', 5)
19/60 ('null', 6)
20/60 ('weak', 6)
21/60 ('strong', 6)
22/60 ('null', 7)
23/60 ('weak', 7)
24/60 ('strong', 7)
25/60 ('null', 8)
26/60 ('weak', 8)
27/60 ('strong', 8)
28/60 ('null', 9)
29/60 ('weak', 9)
30/60 ('strong', 9)
31/60 ('null', 10)
32/60 ('weak', 10)
33/60 ('strong', 10)
34/60 ('null', 11)
35/60 ('weak', 11)
36/60 ('strong', 11)
37/60 ('null', 12)
38/60 ('weak', 12)
39/60 ('strong', 12)
40/60 ('null', 13)
41/60 ('weak', 13)
42/60 ('strong', 13)
43/60 ('null', 14)
44/60 ('weak', 14)
45/60 ('strong', 14)
46/60 ('null', 15)
47/60 ('weak', 15)
48/60 ('strong', 15)
49/60 ('null', 16)
50/60 ('weak', 16)
51/60 ('strong', 16)
52/60 ('null', 17)
53/60 ('weak', 17)
54/60 ('strong', 17)
55/60 ('null', 18)
56/60 ('weak', 18)
57/60 ('strong', 18)
58/60 ('null', 19)
59/60 ('weak', 19)
60/60 ('strong', 19)
# TVTP simulation study (DESIGN §6.1b)

## null (delta* = 0.0, R = 20)
LR rejection rate at 5%: 0.10   mean LR 3.36
delta_hat calm->stress mean +0.10 (sd 0.35), stress->calm mean +0.08 (sd 0.39)
filtered accuracy: static 0.721  TVTP 0.720  (gain -0.001)

## weak (delta* = 0.75, R = 20)
LR rejection rate at 5%: 1.00   mean LR 40.31
delta_hat calm->stress mean +0.92 (sd 0.45), stress->calm mean -0.69 (sd 0.38)
filtered accuracy: static 0.736  TVTP 0.793  (gain +0.057)

## strong (delta* = 1.5, R = 20)
LR rejection rate at 5%: 1.00   mean LR 65.15
delta_hat calm->stress mean +2.12 (sd 1.49), stress->calm mean -1.74 (sd 1.27)
filtered accuracy: static 0.800  TVTP 0.871  (gain +0.071)

## Criteria (DESIGN §6.1b)
PASS  size: rejection <= 10% under null: 10%
PASS  power: rejection >= 80% under strong: 100%
FAIL  delta |rel. bias| < 30% under strong: [0.41, -0.16]
PASS  accuracy gain >= +5 pp under strong: +0.071
